Microchip MPLAB XC8 Compiler V2.41

Linker command line:

-W-3 \
  --edf=/Users/sukkinpang/.mchp_packs/Microchip/PIC18F-Q_DFP/1.18.389/xc8/pic/dat/20230524171230_en.msgs \
  -pivt0x8=08h -cn \
  -h+dist/default/production/PIC18F57Q84_Curiosity_nano_CAN_FD_demo.X.production.sym \
  --cmf=dist/default/production/PIC18F57Q84_Curiosity_nano_CAN_FD_demo.X.production.cmf \
  -z -Q18F57Q84 -o/tmp/xcy75Xizl/driver_tmp_3.o --defsym=__MPLAB_BUILD=1 \
  --fixupoverflow=error \
  -Mdist/default/production/PIC18F57Q84_Curiosity_nano_CAN_FD_demo.X.production.map \
  --md=/tmp/xcy75Xizl/driver_tmp_0.dat -E1 -ver=XC8 Compiler --acfsm=1493 \
  -ACODE=00h-01FFFFh -ACONST=00h-01FFFFh -ASMALLCONST=04000h-040FFhx448 \
  -AMEDIUMCONST=04000h-0FFFFh,014000h-01FFFFh -ACOMRAM=0501h-055Fh \
  -AABS1=0500h-036FFh -ABIGRAM=0501h-036FFh \
  -ARAM=0560h-05FFh,0600h-06FFhx49 -ABANK5=0560h-05FFh -ABANK6=0600h-06FFh \
  -ABANK7=0700h-07FFh -ABANK8=0800h-08FFh -ABANK9=0900h-09FFh \
  -ABANK10=0A00h-0AFFh -ABANK11=0B00h-0BFFh -ABANK12=0C00h-0CFFh \
  -ABANK13=0D00h-0DFFh -ABANK14=0E00h-0EFFh -ABANK15=0F00h-0FFFh \
  -ABANK16=01000h-010FFh -ABANK17=01100h-011FFh -ABANK18=01200h-012FFh \
  -ABANK19=01300h-013FFh -ABANK20=01400h-014FFh -ABANK21=01500h-015FFh \
  -ABANK22=01600h-016FFh -ABANK23=01700h-017FFh -ABANK24=01800h-018FFh \
  -ABANK25=01900h-019FFh -ABANK26=01A00h-01AFFh -ABANK27=01B00h-01BFFh \
  -ABANK28=01C00h-01CFFh -ABANK29=01D00h-01DFFh -ABANK30=01E00h-01EFFh \
  -ABANK31=01F00h-01FFFh -ABANK32=02000h-020FFh -ABANK33=02100h-021FFh \
  -ABANK34=02200h-022FFh -ABANK35=02300h-023FFh -ABANK36=02400h-024FFh \
  -ABANK37=02500h-025FFh -ABANK38=02600h-026FFh -ABANK39=02700h-027FFh \
  -ABANK40=02800h-028FFh -ABANK41=02900h-029FFh -ABANK42=02A00h-02AFFh \
  -ABANK43=02B00h-02BFFh -ABANK44=02C00h-02CFFh -ABANK45=02D00h-02DFFh \
  -ABANK46=02E00h-02EFFh -ABANK47=02F00h-02FFFh -ABANK48=03000h-030FFh \
  -ABANK49=03100h-031FFh -ABANK50=03200h-032FFh -ABANK51=03300h-033FFh \
  -ABANK52=03400h-034FFh -ABANK53=03500h-035FFh -ABANK54=03600h-036FFh \
  -ASFR=00h-0FFhx4,0400h-045Fh,0460h-04FFh,03700h-037FFhx9 \
  -ABIGSFR=00h-04FFh,03700h-03FFFh -ACONFIG=0300000h-0300023h \
  -AIDLOC=0200000h-020003Fh -AEEDATA=0380000h-03803FFh -peeprom_data=EEDATA \
  -preset_vec=00h -ppowerup=CODE,init -pramtop=04000h \
  -psmallconst=SMALLCONST -pmediumconst=MEDIUMCONST -pconst=CONST \
  -AFARRAM=00h-00h \
  -prdata=COMRAM,nvrram=COMRAM,nvbit=COMRAM,rbss=COMRAM,rbit=COMRAM \
  -pfarbss=FARRAM,fardata=FARRAM,nvFARRAM=FARRAM \
  -pintsave_regs=BIGRAM,bigbss=BIGRAM,bigdata=BIGRAM -pbss=RAM \
  -pidata=CODE,irdata=CODE,ibigdata=CODE,ifardata=CODE -prparam=COMRAM \
  /tmp/xcy75Xizl/driver_tmp_14.o \
  dist/default/production/PIC18F57Q84_Curiosity_nano_CAN_FD_demo.X.production.o 

Object code version is 3.11

Machine type is 18F57Q84



                Name                               Link     Load   Length Selector   Space Scale
/tmp/xcy75Xizl/driver_tmp_14.o
                idloc                            200000   200000       40        0       5
                config                           300000   300000       23        0       4
                init                                10A      10A        4        4       0
                reset_vec                             0        0        4        0       0
dist/default/production/PIC18F57Q84_Curiosity_nano_CAN_FD_demo.X.production.o
                idloc                            200000   200000       40        0       5
                config                           300000   300000       23        0       4
                mediumconst                        FEBA     FEBA      146     7F5D       0
                ivt0x8                                8        8      102        4       0
                text97                            11E16    11E16        2     4783       0
                text96                            11DE4    11DE4        8     430C       0
                text95                            11714    11714       50     430C       0
                text94                            11E14    11E14        2     4783       0
                text93                            11934    11934       32     430C       0
                text92                            11C24    11C24       18     430C       0
                text91                            11E12    11E12        2     4783       0
                text90                            11902    11902       32     430C       0
                text89                            11C0C    11C0C       18     430C       0
                text88                            11E10    11E10        2     4783       0
                text87                            118D0    118D0       32     430C       0
                text86                            11BF4    11BF4       18     430C       0
                text85                            11E0E    11E0E        2     4783       0
                text84                            11E00    11E00        6     4780       0
                text83                            11E0C    11E0C        2     4783       0
                text82                            11DDC    11DDC        8     430C       0
                text81                            11D38    11D38       14     430C       0
                text80                            11DF8    11DF8        6     430C       0
                text79                            11D24    11D24       14     430C       0
                text78                            11D10    11D10       14     430C       0
                text77                            11CFC    11CFC       14     430C       0
                text76                            11826    11826       3E     430C       0
                text75                            11E08    11E08        2     4780       0
                text74                            11CAA    11CAA       16     430C       0
                text73                            11C94    11C94       16     430C       0
                text72                            11C7E    11C7E       16     430C       0
                text71                            11C68    11C68       16     430C       0
                text70                            11C52    11C52       16     430C       0
                text69                            10C30    10C30       F2     430C       0
                text68                            11DBA    11DBA        A     430C       0
                text67                            11DB0    11DB0        A     430C       0
                text66                            11DD4    11DD4        8     430C       0
                text65                            11A64    11A64       28     430C       0
                text64                            11DCC    11DCC        8     430C       0
                text63                            11D90    11D90        C     430C       0
                text62                            11DF2    11DF2        6     430C       0
                text61                            11994    11994       2C     430C       0
                text60                            11DEC    11DEC        6     430C       0
                text59                            11DA6    11DA6        A     430C       0
                text58                            111A4    111A4       90     430C       0
                text57                            11C3C    11C3C       16     430C       0
                text56                            1189C    1189C       34     430C       0
                text55                            11D9C    11D9C        A     430C       0
                text54                            11344    11344       84     430C       0
                text53                            11CE8    11CE8       14     430C       0
                text52                            11966    11966       2E     430C       0
                text51                            119EA    119EA       2A     430C       0
                text50                            11CD4    11CD4       14     430C       0
                text49                            115D0    115D0       54     430C       0
                text48                            11B14    11B14       22     430C       0
                text47                            11AF2    11AF2       22     430C       0
                text46                            11CC0    11CC0       14     430C       0
                text45                            114B8    114B8       68     430C       0
                text44                            11D76    11D76        E     430C       0
                text43                            11D68    11D68        E     430C       0
                text42                            11D5A    11D5A        E     430C       0
                text41                            112BE    112BE       86     430C       0
                text40                            10B3A    10B3A       F4     8000       0
                text39                            11D4C    11D4C        E     430C       0
                text38                            11864    11864       38     430C       0
                text37                            11AD0    11AD0       22     430C       0
                text36                            11AAE    11AAE       22     430C       0
                text35                            11A8C    11A8C       22     430C       0
                text34                            11234    11234       8A     430C       0
                text33                            11B72    11B72       1E     430C       0
                text32                            11BAA    11BAA       1A     430C       0
                text31                            11B54    11B54       1E     430C       0
                text30                            11BDC    11BDC       18     430C       0
                text29                            11B90    11B90       1A     430C       0
                text28                            10000    10000      270     8000       0
                text27                            10D22    10D22       E6     430C       0
                text26                            116C4    116C4       50     430C       0
                text25                            10A30    10A30      10A     8000       0
                text24                            10ED2    10ED2       C4     430C       0
                text23                            11048    11048       B0     430C       0
                text22                            117A8    117A8       40     430C       0
                text21                            119C0    119C0       2A     430C       0
                text20                            11DC4    11DC4        8     430C       0
                text19                            11B36    11B36       1E     430C       0
                text18                            10E08    10E08       CA     430C       0
                text17                            11764    11764       44     430C       0
                text16                            113C8    113C8       7A     430C       0
                text15                            1066E    1066E      194     8000       0
                text14                            10802    10802      11E     8000       0
                text13                            1048A    1048A      1E4     8000       0
                text12                            1157C    1157C       54     430C       0
                text11                            11A3C    11A3C       28     430C       0
                text10                            10F96    10F96       B2     430C       0
                text9                             11674    11674       50     430C       0
                text8                             10270    10270      21A     8000       0
                text7                             11D84    11D84        C     430C       0
                text6                             11BC4    11BC4       18     430C       0
                text5                             117E8    117E8       3E     430C       0
                text4                             11A14    11A14       28     430C       0
                text3                             10920    10920      110     8000       0
                text2                             11442    11442       76     430C       0
                text1                             11520    11520       5C     430C       0
                text0                             110F8    110F8       AC     430C       0
                cstackCOMRAM                        501      501       45      501       1
                cstackBANK5                         5BA      5BA       25      560       1
                bssBANK6                            600      600       80      600       1
                dataBANK5                           5DF      5DF        2      560       1
                bssBANK5                            560      560       5A      560       1
                bssCOMRAM                           546      546        D      501       1
                cinit                             11624    11624       50     430C       0
                idataBANK5                        11E06    11E06        2     4780       0

TOTAL           Name                               Link     Load   Length     Space
        CLASS   CODE           
                init                                10A      10A        4         0
                reset_vec                             0        0        4         0
                ivt0x8                                8        8      102         0
                text97                            11E16    11E16        2         0
                text96                            11DE4    11DE4        8         0
                text95                            11714    11714       50         0
                text94                            11E14    11E14        2         0
                text93                            11934    11934       32         0
                text92                            11C24    11C24       18         0
                text91                            11E12    11E12        2         0
                text90                            11902    11902       32         0
                text89                            11C0C    11C0C       18         0
                text88                            11E10    11E10        2         0
                text87                            118D0    118D0       32         0
                text86                            11BF4    11BF4       18         0
                text85                            11E0E    11E0E        2         0
                text84                            11E00    11E00        6         0
                text83                            11E0C    11E0C        2         0
                text82                            11DDC    11DDC        8         0
                text81                            11D38    11D38       14         0
                text80                            11DF8    11DF8        6         0
                text79                            11D24    11D24       14         0
                text78                            11D10    11D10       14         0
                text77                            11CFC    11CFC       14         0
                text76                            11826    11826       3E         0
                text75                            11E08    11E08        2         0
                text74                            11CAA    11CAA       16         0
                text73                            11C94    11C94       16         0
                text72                            11C7E    11C7E       16         0
                text71                            11C68    11C68       16         0
                text70                            11C52    11C52       16         0
                text69                            10C30    10C30       F2         0
                text68                            11DBA    11DBA        A         0
                text67                            11DB0    11DB0        A         0
                text66                            11DD4    11DD4        8         0
                text65                            11A64    11A64       28         0
                text64                            11DCC    11DCC        8         0
                text63                            11D90    11D90        C         0
                text62                            11DF2    11DF2        6         0
                text61                            11994    11994       2C         0
                text60                            11DEC    11DEC        6         0
                text59                            11DA6    11DA6        A         0
                text58                            111A4    111A4       90         0
                text57                            11C3C    11C3C       16         0
                text56                            1189C    1189C       34         0
                text55                            11D9C    11D9C        A         0
                text54                            11344    11344       84         0
                text53                            11CE8    11CE8       14         0
                text52                            11966    11966       2E         0
                text51                            119EA    119EA       2A         0
                text50                            11CD4    11CD4       14         0
                text49                            115D0    115D0       54         0
                text48                            11B14    11B14       22         0
                text47                            11AF2    11AF2       22         0
                text46                            11CC0    11CC0       14         0
                text45                            114B8    114B8       68         0
                text44                            11D76    11D76        E         0
                text43                            11D68    11D68        E         0
                text42                            11D5A    11D5A        E         0
                text41                            112BE    112BE       86         0
                text40                            10B3A    10B3A       F4         0
                text39                            11D4C    11D4C        E         0
                text38                            11864    11864       38         0
                text37                            11AD0    11AD0       22         0
                text36                            11AAE    11AAE       22         0
                text35                            11A8C    11A8C       22         0
                text34                            11234    11234       8A         0
                text33                            11B72    11B72       1E         0
                text32                            11BAA    11BAA       1A         0
                text31                            11B54    11B54       1E         0
                text30                            11BDC    11BDC       18         0
                text29                            11B90    11B90       1A         0
                text28                            10000    10000      270         0
                text27                            10D22    10D22       E6         0
                text26                            116C4    116C4       50         0
                text25                            10A30    10A30      10A         0
                text24                            10ED2    10ED2       C4         0
                text23                            11048    11048       B0         0
                text22                            117A8    117A8       40         0
                text21                            119C0    119C0       2A         0
                text20                            11DC4    11DC4        8         0
                text19                            11B36    11B36       1E         0
                text18                            10E08    10E08       CA         0
                text17                            11764    11764       44         0
                text16                            113C8    113C8       7A         0
                text15                            1066E    1066E      194         0
                text14                            10802    10802      11E         0
                text13                            1048A    1048A      1E4         0
                text12                            1157C    1157C       54         0
                text11                            11A3C    11A3C       28         0
                text10                            10F96    10F96       B2         0
                text9                             11674    11674       50         0
                text8                             10270    10270      21A         0
                text7                             11D84    11D84        C         0
                text6                             11BC4    11BC4       18         0
                text5                             117E8    117E8       3E         0
                text4                             11A14    11A14       28         0
                text3                             10920    10920      110         0
                text2                             11442    11442       76         0
                text1                             11520    11520       5C         0
                text0                             110F8    110F8       AC         0
                cinit                             11624    11624       50         0
                idataBANK5                        11E06    11E06        2         0

        CLASS   CONST          

        CLASS   SMALLCONST     

        CLASS   MEDIUMCONST    
                mediumconst                        FEBA     FEBA      146         0

        CLASS   COMRAM         
                cstackCOMRAM                        501      501       45         1
                bssCOMRAM                           546      546        D         1

        CLASS   ABS1           

        CLASS   BIGRAM         

        CLASS   RAM            

        CLASS   BANK5          
                cstackBANK5                         5BA      5BA       25         1
                dataBANK5                           5DF      5DF        2         1
                bssBANK5                            560      560       5A         1

        CLASS   BANK6          
                bssBANK6                            600      600       80         1

        CLASS   BANK7          

        CLASS   BANK8          

        CLASS   BANK9          

        CLASS   BANK10         

        CLASS   BANK11         

        CLASS   BANK12         

        CLASS   BANK13         

        CLASS   BANK14         

        CLASS   BANK15         

        CLASS   BANK16         

        CLASS   BANK17         

        CLASS   BANK18         

        CLASS   BANK19         

        CLASS   BANK20         

        CLASS   BANK21         

        CLASS   BANK22         

        CLASS   BANK23         

        CLASS   BANK24         

        CLASS   BANK25         

        CLASS   BANK26         

        CLASS   BANK27         

        CLASS   BANK28         

        CLASS   BANK29         

        CLASS   BANK30         

        CLASS   BANK31         

        CLASS   BANK32         

        CLASS   BANK33         

        CLASS   BANK34         

        CLASS   BANK35         

        CLASS   BANK36         

        CLASS   BANK37         

        CLASS   BANK38         

        CLASS   BANK39         

        CLASS   BANK40         

        CLASS   BANK41         

        CLASS   BANK42         

        CLASS   BANK43         

        CLASS   BANK44         

        CLASS   BANK45         

        CLASS   BANK46         

        CLASS   BANK47         

        CLASS   BANK48         

        CLASS   BANK49         

        CLASS   BANK50         

        CLASS   BANK51         

        CLASS   BANK52         

        CLASS   BANK53         

        CLASS   BANK54         

        CLASS   SFR            

        CLASS   BIGSFR         

        CLASS   CONFIG         
                config                           300000   300000       23         4

        CLASS   IDLOC          
                idloc                            200000   200000       40         5

        CLASS   EEDATA         

        CLASS   FARRAM         

        CLASS   HEAP           

        CLASS   STACK          



SEGMENTS        Name                           Load    Length   Top    Selector   Space  Class

                reset_vec                      000000  000004  000004         0       0  CODE    
                text69                         010C30  0011CE  011DFE      430C       0  CODE    
                text84                         011E00  00000A  011E0A      4780       0  CODE    
                text83                         011E0C  00000C  011E18      4783       0  CODE    
                text28                         010000  000C2E  010C2E      8000       0  CODE    
                mediumconst                    00FEBA  000146  010000      7F5D       0  MEDIUMCO
                cstackCOMRAM                   000501  000052  000553       501       1  COMRAM  
                ivt0x8                         000008  000106  00010E         4       0  CODE    
                bssBANK5                       000560  000081  0005E1       560       1  BANK5   
                bssBANK6                       000600  000080  000680       600       1  BANK6   


UNUSED ADDRESS RANGES

        Name                Unused          Largest block    Delta
        BANK10           000A00-000AFF              100
        BANK11           000B00-000BFF              100
        BANK12           000C00-000CFF              100
        BANK13           000D00-000DFF              100
        BANK14           000E00-000EFF              100
        BANK15           000F00-000FFF              100
        BANK16           001000-0010FF              100
        BANK17           001100-0011FF              100
        BANK18           001200-0012FF              100
        BANK19           001300-0013FF              100
        BANK20           001400-0014FF              100
        BANK21           001500-0015FF              100
        BANK22           001600-0016FF              100
        BANK23           001700-0017FF              100
        BANK24           001800-0018FF              100
        BANK25           001900-0019FF              100
        BANK26           001A00-001AFF              100
        BANK27           001B00-001BFF              100
        BANK28           001C00-001CFF              100
        BANK29           001D00-001DFF              100
        BANK30           001E00-001EFF              100
        BANK31           001F00-001FFF              100
        BANK32           002000-0020FF              100
        BANK33           002100-0021FF              100
        BANK34           002200-0022FF              100
        BANK35           002300-0023FF              100
        BANK36           002400-0024FF              100
        BANK37           002500-0025FF              100
        BANK38           002600-0026FF              100
        BANK39           002700-0027FF              100
        BANK40           002800-0028FF              100
        BANK41           002900-0029FF              100
        BANK42           002A00-002AFF              100
        BANK43           002B00-002BFF              100
        BANK44           002C00-002CFF              100
        BANK45           002D00-002DFF              100
        BANK46           002E00-002EFF              100
        BANK47           002F00-002FFF              100
        BANK48           003000-0030FF              100
        BANK49           003100-0031FF              100
        BANK5            0005E1-0005FF               1F
        BANK50           003200-0032FF              100
        BANK51           003300-0033FF              100
        BANK52           003400-0034FF              100
        BANK53           003500-0035FF              100
        BANK54           003600-0036FF              100
        BANK6            000680-0006FF               80
        BANK7            000700-0007FF              100
        BANK8            000800-0008FF              100
        BANK9            000900-0009FF              100
        BIGRAM           000553-00055F                D
                         0005E1-0005FF               1F
                         000680-0036FF             3080
        BIGSFR           000000-0004FF              500
                         003700-003FFF              900
        CODE             000004-000007                4
                         00010E-00FEB9             FDAC
                         010C2E-010C2F                2
                         011DFE-011DFF                2
                         011E0A-011E0B                2
                         011E18-01FFFF             E1E8
        COMRAM           000553-00055F                D
        CONFIG           300023-300023                1
        CONST            000004-000007                4
                         00010E-00FEB9             FDAC
                         010C2E-010C2F                2
                         011DFE-011DFF                2
                         011E0A-011E0B                2
                         011E18-01FFFF             E1E8
        EEDATA           380000-3803FF              400
        MEDIUMCONST      004000-00FEB9             BEBA
                         014000-01FFFF             C000
        RAM              0005E1-0005FF               1F
                         000680-0036FF              100
        SFR              000000-0004FF              100
                         003700-003FFF              100
        SMALLCONST       004000-00FEB9              100
                         010C2E-010C2F                2
                         011DFE-011DFF                2
                         011E0A-011E0B                2
                         011E18-01FFFF              100

                                  Symbol Table

?___awdiv                                             cstackCOMRAM 00050E
?___awmod                                             cstackCOMRAM 00050E
?_abs                                                 cstackCOMRAM 000514
?_printf                                              cstackBANK5  0005C6
?_vfprintf                                            cstackBANK5  0005C0
CAN1_DlcToDataBytesGet@dlc                            cstackCOMRAM 00050E
CAN1_DlcToDataBytesGet@dlcByteSize                    mediumconst  00FF91
CAN1_DlcToDataBytesGet@main$F2979@dlc                 cstackCOMRAM 00050E
CAN1_DlcToDataBytesGet@main$F2979@dlcByteSize         mediumconst  00FF81
CAN1_GetRxFifoDepth@validChannel                      cstackCOMRAM 00050F
CAN1_GetRxFifoStatus@validChannel                     cstackCOMRAM 00050E
CAN1_GetTxFifoStatus@validChannel                     cstackCOMRAM 00050E
CAN1_IsTxChannel@channel                              cstackCOMRAM 00050F
CAN1_MessageReadFromFifo@index                        cstackCOMRAM 000519
CAN1_MessageReadFromFifo@msgId                        cstackCOMRAM 000515
CAN1_MessageReadFromFifo@rxCanMsg                     cstackCOMRAM 000511
CAN1_MessageReadFromFifo@rxFifoObj                    cstackCOMRAM 00050F
CAN1_MessageWriteToFifo@msgId                         cstackCOMRAM 000523
CAN1_MessageWriteToFifo@txCanMsg                      cstackCOMRAM 00051C
CAN1_MessageWriteToFifo@txFifoObj                     cstackCOMRAM 00051A
CAN1_OperationModeSet@requestMode                     cstackCOMRAM 00050F
CAN1_OperationModeSet@status                          cstackCOMRAM 00050E
CAN1_PLSIZEToPayloadBytesGet@plsize                   cstackCOMRAM 00050F
CAN1_RX_FIFO_ResetInfo@count                          cstackCOMRAM 00050E
CAN1_Receive@index                                    cstackCOMRAM 000527
CAN1_Receive@rxCanMsg                                 cstackCOMRAM 000524
CAN1_Receive@status                                   cstackCOMRAM 000526
CAN1_ReceiveFromFiFo@channel                          cstackCOMRAM 00051A
CAN1_ReceiveFromFiFo@index                            cstackCOMRAM 000523
CAN1_ReceiveFromFiFo@rxCanMsg                         cstackCOMRAM 00051B
CAN1_ReceiveFromFiFo@rxFifoObj                        cstackCOMRAM 000520
CAN1_ReceiveFromFiFo@rxMsgStatus                      cstackCOMRAM 000522
CAN1_ReceiveFromFiFo@status                           cstackCOMRAM 00051F
CAN1_ReceivedMessageCountGet@fifoChannel              cstackCOMRAM 000514
CAN1_ReceivedMessageCountGet@fifoDepth                cstackCOMRAM 000515
CAN1_ReceivedMessageCountGet@index                    cstackCOMRAM 000517
CAN1_ReceivedMessageCountGet@numOfMsg                 cstackCOMRAM 000513
CAN1_ReceivedMessageCountGet@rxMsgStatus              cstackCOMRAM 000512
CAN1_ReceivedMessageCountGet@rxfifoMsgTail            cstackCOMRAM 000516
CAN1_ReceivedMessageCountGet@totalMsgObj              cstackCOMRAM 000511
CAN1_Transmit@fifoChannel                             cstackCOMRAM 00052C
CAN1_Transmit@status                                  cstackCOMRAM 000529
CAN1_Transmit@txCanMsg                                cstackCOMRAM 000527
CAN1_Transmit@txFifoObj                               cstackCOMRAM 00052A
CAN1_TransmitFIFOStatusGet@fifoChannel                cstackCOMRAM 000511
CAN1_TransmitFIFOStatusGet@status                     cstackCOMRAM 000510
CAN1_ValidateTransmission@channel                     cstackCOMRAM 000517
CAN1_ValidateTransmission@plsize                      cstackCOMRAM 000516
CAN1_ValidateTransmission@txCanMsg                    cstackCOMRAM 000512
CAN1_ValidateTransmission@txMsgStatus                 cstackCOMRAM 000518
I2C1_AddrTransmit@addr                                cstackCOMRAM 000501
I2C1_CallbackRegister@callbackHandler                 cstackCOMRAM 00050E
I2C1_CounterSet@counter                               cstackCOMRAM 000501
I2C1_DataTransmit@data                                cstackCOMRAM 000505
INT0_SetInterruptHandler@InterruptHandler             cstackCOMRAM 00050E
INT1_SetInterruptHandler@InterruptHandler             cstackCOMRAM 00050E
INT2_SetInterruptHandler@InterruptHandler             cstackCOMRAM 00050E
INTERRUPT_Initialize@state                            cstackCOMRAM 000511
IVTBASEH                                              (abs)        00045E
IVTBASEL                                              (abs)        00045D
IVTBASEU                                              (abs)        00045F
Timer0_OverflowCallbackRegister@CallbackHandler       cstackCOMRAM 00050E
UART1_FramingErrorCallbackRegister@callbackHandler    cstackCOMRAM 00050E
UART1_OverrunErrorCallbackRegister@callbackHandler    cstackCOMRAM 00050E
UART1_ParityErrorCallbackRegister@callbackHandler     cstackCOMRAM 00050E
UART1_Write@txData                                    cstackCOMRAM 00050E
_ACTCON                                               (abs)        0000AC
_ANSELA                                               (abs)        000400
_ANSELB                                               (abs)        000408
_ANSELC                                               (abs)        000410
_ANSELD                                               (abs)        000418
_ANSELE                                               (abs)        000420
_ANSELF                                               (abs)        000428
_C1CONH                                               (abs)        000101
_C1CONHbits                                           (abs)        000101
_C1CONL                                               (abs)        000100
_C1CONT                                               (abs)        000103
_C1CONTbits                                           (abs)        000103
_C1CONU                                               (abs)        000102
_C1CONUbits                                           (abs)        000102
_C1DBTCFGH                                            (abs)        000109
_C1DBTCFGL                                            (abs)        000108
_C1DBTCFGT                                            (abs)        00010B
_C1DBTCFGU                                            (abs)        00010A
_C1FIFOBAH                                            (abs)        00014D
_C1FIFOBAL                                            (abs)        00014C
_C1FIFOCON1H                                          (abs)        00015D
_C1FIFOCON1L                                          (abs)        00015C
_C1FIFOCON1T                                          (abs)        00015F
_C1FIFOCON1U                                          (abs)        00015E
_C1FIFOSTA1Lbits                                      (abs)        000160
_C1FLTCON0Lbits                                       (abs)        000180
_C1FLTOBJ0H                                           (abs)        00018D
_C1FLTOBJ0L                                           (abs)        00018C
_C1FLTOBJ0T                                           (abs)        00018F
_C1FLTOBJ0U                                           (abs)        00018E
_C1INTHbits                                           (abs)        00011D
_C1INTLbits                                           (abs)        00011C
_C1INTTbits                                           (abs)        00011F
_C1MASK0H                                             (abs)        000191
_C1MASK0L                                             (abs)        000190
_C1MASK0T                                             (abs)        000193
_C1MASK0U                                             (abs)        000192
_C1NBTCFGH                                            (abs)        000105
_C1NBTCFGL                                            (abs)        000104
_C1NBTCFGT                                            (abs)        000107
_C1NBTCFGU                                            (abs)        000106
_C1TDCH                                               (abs)        00010D
_C1TDCL                                               (abs)        00010C
_C1TDCT                                               (abs)        00010F
_C1TDCU                                               (abs)        00010E
_C1TRECHbits                                          (abs)        000135
_C1TRECLbits                                          (abs)        000134
_C1TRECUbits                                          (abs)        000136
_C1TXQCONH                                            (abs)        000151
_C1TXQCONL                                            (abs)        000150
_C1TXQCONT                                            (abs)        000153
_C1TXQCONU                                            (abs)        000152
_C1TXQSTALbits                                        (abs)        000154
_CAN1_BitRateConfiguration                            text56       01189C
_CAN1_BusErrorCallbackRegister                        (abs)        000000
_CAN1_BusErrorHandler                                 bssBANK5     000584
_CAN1_BusWakeUpActivityCallbackRegister               (abs)        000000
_CAN1_BusWakeUpActivityHandler                        bssBANK5     000587
_CAN1_Deinitialize                                    (abs)        000000
_CAN1_DlcToDataBytesGet                               text29       011B90
_CAN1_DlcToDataBytesGet@main$F2979                    text32       011BAA
_CAN1_GetRxFifoDepth                                  text31       011B54
_CAN1_GetRxFifoStatus                                 text30       011BDC
_CAN1_GetTxFifoStatus                                 text6        011BC4
_CAN1_InformationISR                                  text57       011C3C
_CAN1_Initialize                                      text49       0115D0
_CAN1_InvalidMessageCallbackRegister                  (abs)        000000
_CAN1_InvalidMessageHandler                           bssBANK5     00058A
_CAN1_IsBusOff                                        (abs)        000000
_CAN1_IsRxErrorActive                                 (abs)        000000
_CAN1_IsRxErrorPassive                                (abs)        000000
_CAN1_IsRxErrorWarning                                (abs)        000000
_CAN1_IsTxChannel                                     text5        0117E8
_CAN1_IsTxChannel$808                                 cstackCOMRAM 00050E
_CAN1_IsTxErrorActive                                 (abs)        000000
_CAN1_IsTxErrorPassive                                (abs)        000000
_CAN1_IsTxErrorWarning                                (abs)        000000
_CAN1_MessageReadFromFifo                             text28       010000
_CAN1_MessageWriteToFifo                              text8        010270
_CAN1_ModeChangeCallbackRegister                      (abs)        000000
_CAN1_ModeChangeHandler                               bssBANK5     000581
_CAN1_OperationModeGet                                text55       011D9C
_CAN1_OperationModeSet                                text54       011344
_CAN1_PLSIZEToPayloadBytesGet                         text7        011D84
_CAN1_RX_FIFO_Configuration                           text53       011CE8
_CAN1_RX_FIFO_FilterMaskConfiguration                 text52       011966
_CAN1_RX_FIFO_ResetInfo                               text51       0119EA
_CAN1_Receive                                         text26       0116C4
_CAN1_ReceiveFIFOStatusGet                            (abs)        000000
_CAN1_ReceiveFromFiFo                                 text27       010D22
_CAN1_ReceiveMessageGet                               (abs)        000000
_CAN1_ReceivedMessageCountGet                         text25       010A30
_CAN1_RxBufferOverFlowCallbackRegister                (abs)        000000
_CAN1_RxBufferOverFlowHandler                         bssBANK5     000578
_CAN1_Sleep                                           (abs)        000000
_CAN1_SystemErrorCallbackRegister                     (abs)        000000
_CAN1_SystemErrorHandler                              bssBANK5     00057E
_CAN1_TX_FIFO_Configuration                           text50       011CD4
_CAN1_Tasks                                           (abs)        000000
_CAN1_Transmit                                        text2        011442
_CAN1_TransmitFIFOStatusGet                           text4        011A14
_CAN1_TxAttemptCallbackRegister                       (abs)        000000
_CAN1_TxAttemptHandler                                bssBANK5     00057B
_CAN1_ValidateTransmission                            text3        010920
_CANRXPPS                                             (abs)        00023D
_CAN_FD1                                              mediumconst  00FEBB
_CLOCK_Initialize                                     text48       011B14
_Default_ISR                                          text83       011E0C
_FSCMCON                                              (abs)        000458
_GIE                                                  (abs)        0026B7
_I2C1ADB1                                             (abs)        00028F
_I2C1BAUD                                             (abs)        00029D
_I2C1BTOC                                             (abs)        00029F
_I2C1CLK                                              (abs)        00029E
_I2C1CNTH                                             (abs)        00028D
_I2C1CNTL                                             (abs)        00028C
_I2C1CON0                                             (abs)        000294
_I2C1CON0bits                                         (abs)        000294
_I2C1CON1                                             (abs)        000295
_I2C1CON1bits                                         (abs)        000295
_I2C1CON2                                             (abs)        000296
_I2C1ERR                                              (abs)        000297
_I2C1ERRbits                                          (abs)        000297
_I2C1PIE                                              (abs)        00029B
_I2C1PIEbits                                          (abs)        00029B
_I2C1PIR                                              (abs)        00029A
_I2C1PIRbits                                          (abs)        00029A
_I2C1RXB                                              (abs)        00028A
_I2C1SCLPPS                                           (abs)        000271
_I2C1SDAPPS                                           (abs)        000270
_I2C1STAT0bits                                        (abs)        000298
_I2C1STAT1                                            (abs)        000299
_I2C1STAT1bits                                        (abs)        000299
_I2C1TXB                                              (abs)        00028B
_I2C1_AddrTransmit                                    text64       011DCC
_I2C1_BufferClear                                     text68       011DBA
_I2C1_BusReset                                        text76       011826
_I2C1_Callback                                        bssBANK5     000575
_I2C1_CallbackRegister                                text47       011AF2
_I2C1_Close                                           text65       011A64
_I2C1_CounterSet                                      text63       011D90
_I2C1_DataReceive                                     text80       011DF8
_I2C1_DataTransmit                                    text82       011DDC
_I2C1_DefaultCallback                                 text75       011E08
_I2C1_Deinitialize                                    (abs)        000000
_I2C1_ERROR_ISR                                       text69       010C30
_I2C1_ErrorFlagsClear                                 text67       011DB0
_I2C1_ErrorGet                                        (abs)        000000
_I2C1_Host                                            mediumconst  00FF51
_I2C1_ISR                                             text58       0111A4
_I2C1_Initialize                                      text45       0114B8
_I2C1_InterruptsClear                                 text66       011DD4
_I2C1_InterruptsDisable                               text78       011D10
_I2C1_InterruptsEnable                                text46       011CC0
_I2C1_IsAddr                                          text74       011CAA
_I2C1_IsBusCol                                        text73       011C94
_I2C1_IsBusTimeOut                                    text72       011C7E
_I2C1_IsBusy                                          (abs)        000000
_I2C1_IsData                                          text71       011C68
_I2C1_IsNack                                          text70       011C52
_I2C1_RX_ISR                                          text79       011D24
_I2C1_Read                                            (abs)        000000
_I2C1_ReadStart                                       text61       011994
_I2C1_RestartDisable                                  text60       011DEC
_I2C1_StartSend                                       text62       011DF2
_I2C1_StopSend                                        text59       011DA6
_I2C1_TX_ISR                                          text81       011D38
_I2C1_Write                                           (abs)        000000
_I2C1_WriteRead                                       (abs)        000000
_INLVLA                                               (abs)        000404
_INLVLB                                               (abs)        00040C
_INLVLC                                               (abs)        000414
_INLVLD                                               (abs)        00041C
_INLVLE                                               (abs)        000424
_INLVLF                                               (abs)        00042C
_INT0_CallBack                                        text87       0118D0
_INT0_DefaultInterruptHandler                         text88       011E10
_INT0_ISR                                             text86       011BF4
_INT0_InterruptHandler                                bssBANK5     000572
_INT0_SetInterruptHandler                             text44       011D76
_INT1_CallBack                                        text90       011902
_INT1_DefaultInterruptHandler                         text91       011E12
_INT1_ISR                                             text89       011C0C
_INT1_InterruptHandler                                bssBANK5     00056F
_INT1_SetInterruptHandler                             text43       011D68
_INT2_CallBack                                        text93       011934
_INT2_DefaultInterruptHandler                         text94       011E14
_INT2_ISR                                             text92       011C24
_INT2_InterruptHandler                                bssBANK5     00056C
_INT2_SetInterruptHandler                             text42       011D5A
_INTCON0bits                                          (abs)        0004D6
_INTERRUPT_Initialize                                 text41       0112BE
_IOCAF                                                (abs)        000407
_IOCAN                                                (abs)        000406
_IOCAP                                                (abs)        000405
_IOCBF                                                (abs)        00040F
_IOCBN                                                (abs)        00040E
_IOCBP                                                (abs)        00040D
_IOCCF                                                (abs)        000417
_IOCCN                                                (abs)        000416
_IOCCP                                                (abs)        000415
_IOCEF                                                (abs)        000427
_IOCEN                                                (abs)        000426
_IOCEP                                                (abs)        000425
_IOC_ISR                                              text84       011E00
_IPR0bits                                             (abs)        000362
_IPR3bits                                             (abs)        000365
_IPR7bits                                             (abs)        000369
_IVTBASEH                                             (abs)        00045E
_IVTBASEL                                             (abs)        00045D
_IVTBASEU                                             (abs)        00045F
_IVTLOCK                                              (abs)        000459
_IVTLOCKbits                                          (abs)        000459
_LATA                                                 (abs)        0004BE
_LATB                                                 (abs)        0004BF
_LATC                                                 (abs)        0004C0
_LATD                                                 (abs)        0004C1
_LATE                                                 (abs)        0004C2
_LATF                                                 (abs)        0004C3
_LATFbits                                             (abs)        0004C3
_ODCONA                                               (abs)        000402
_ODCONB                                               (abs)        00040A
_ODCONC                                               (abs)        000412
_ODCOND                                               (abs)        00041A
_ODCONE                                               (abs)        000422
_ODCONF                                               (abs)        00042A
_OSCCON1                                              (abs)        0000AD
_OSCCON3                                              (abs)        0000AF
_OSCEN                                                (abs)        0000B3
_OSCFRQ                                               (abs)        0000B1
_OSCTUNE                                              (abs)        0000B0
_PIE0bits                                             (abs)        00049E
_PIE3bits                                             (abs)        0004A1
_PIE7bits                                             (abs)        0004A5
_PIN_MANAGER_IOC                                      text85       011E0E
_PIN_MANAGER_Initialize                               text40       010B3A
_PIR0bits                                             (abs)        0004AE
_PIR10bits                                            (abs)        0004B8
_PIR1bits                                             (abs)        0004AF
_PIR3bits                                             (abs)        0004B1
_PIR6bits                                             (abs)        0004B4
_RB1I2C                                               (abs)        000289
_RB2I2C                                               (abs)        000288
_RC3I2C                                               (abs)        000287
_RC3PPS                                               (abs)        000214
_RC4I2C                                               (abs)        000286
_RC4PPS                                               (abs)        000215
_RD0PPS                                               (abs)        000219
_RF0PPS                                               (abs)        000229
_SLRCONA                                              (abs)        000403
_SLRCONB                                              (abs)        00040B
_SLRCONC                                              (abs)        000413
_SLRCOND                                              (abs)        00041B
_SLRCONE                                              (abs)        000423
_SLRCONF                                              (abs)        00042B
_SYSTEM_Initialize                                    text33       011B72
_T0CON0                                               (abs)        00031A
_T0CON0bits                                           (abs)        00031A
_T0CON1                                               (abs)        00031B
_TMR0H                                                (abs)        000319
_TMR0L                                                (abs)        000318
_TRISA                                                (abs)        0004C6
_TRISB                                                (abs)        0004C7
_TRISC                                                (abs)        0004C8
_TRISD                                                (abs)        0004C9
_TRISE                                                (abs)        0004CA
_TRISF                                                (abs)        0004CB
_Timer0                                               mediumconst  00FF6F
_Timer0_CustomHandler                                 text96       011DE4
_Timer0_DefaultOverflowCallback                       text97       011E16
_Timer0_Initialize                                    text38       011864
_Timer0_OverflowCallback                              bssBANK5     000569
_Timer0_OverflowCallbackRegister                      text39       011D4C
_Timer0_OverflowISR                                   text95       011714
_Timer0_PeriodCountSet                                (abs)        000000
_Timer0_Start                                         (abs)        000000
_Timer0_Stop                                          (abs)        000000
_Transmit_Data                                        bssBANK6     000600
_U1BRGH                                               (abs)        0002AF
_U1BRGL                                               (abs)        0002AE
_U1CON0                                               (abs)        0002AB
_U1CON0bits                                           (abs)        0002AB
_U1CON1                                               (abs)        0002AC
_U1CON1bits                                           (abs)        0002AC
_U1CON2                                               (abs)        0002AD
_U1ERRIE                                              (abs)        0002B3
_U1ERRIR                                              (abs)        0002B2
_U1ERRIRbits                                          (abs)        0002B2
_U1FIFO                                               (abs)        0002B0
_U1FIFObits                                           (abs)        0002B0
_U1P1H                                                (abs)        0002A6
_U1P1L                                                (abs)        0002A5
_U1P2H                                                (abs)        0002A8
_U1P2L                                                (abs)        0002A7
_U1P3H                                                (abs)        0002AA
_U1P3L                                                (abs)        0002A9
_U1RXB                                                (abs)        0002A1
_U1RXCHK                                              (abs)        0002A2
_U1RXPPS                                              (abs)        000272
_U1TXB                                                (abs)        0002A3
_U1TXCHK                                              (abs)        0002A4
_U1UIR                                                (abs)        0002B1
_U1UIRbits                                            (abs)        0002B1
_UART1                                                mediumconst  00FF09
_UART1_AutoBaudQuery                                  (abs)        000000
_UART1_AutoBaudSet                                    (abs)        000000
_UART1_DefaultFramingErrorCallback                    (abs)        000000
_UART1_DefaultOverrunErrorCallback                    (abs)        000000
_UART1_DefaultParityErrorCallback                     (abs)        000000
_UART1_Deinitialize                                   (abs)        000000
_UART1_ErrorGet                                       (abs)        000000
_UART1_FramingErrorCallbackRegister                   text37       011AD0
_UART1_FramingErrorHandler                            bssBANK5     000566
_UART1_Initialize                                     text34       011234
_UART1_IsRxReady                                      (abs)        000000
_UART1_IsTxDone                                       (abs)        000000
_UART1_IsTxReady                                      text21       0119C0
_UART1_IsTxReady$2844                                 cstackCOMRAM 00050E
_UART1_OverrunErrorCallbackRegister                   text36       011AAE
_UART1_OverrunErrorHandler                            bssBANK5     000563
_UART1_ParityErrorCallbackRegister                    text35       011A8C
_UART1_ParityErrorHandler                             bssBANK5     000560
_UART1_Read                                           (abs)        000000
_UART1_TransmitDisable                                (abs)        000000
_UART1_TransmitEnable                                 (abs)        000000
_UART1_Write                                          text20       011DC4
_WPUA                                                 (abs)        000401
_WPUB                                                 (abs)        000409
_WPUC                                                 (abs)        000411
_WPUD                                                 (abs)        000419
_WPUE                                                 (abs)        000421
_WPUF                                                 (abs)        000429
__HRAM                                                (abs)        000000
__H__absolute__                                       __absolute__ 000000
__Habs1                                               abs1         000000
__Hbank10                                             bank10       000000
__Hbank11                                             bank11       000000
__Hbank12                                             bank12       000000
__Hbank13                                             bank13       000000
__Hbank14                                             bank14       000000
__Hbank15                                             bank15       000000
__Hbank16                                             bank16       000000
__Hbank17                                             bank17       000000
__Hbank18                                             bank18       000000
__Hbank19                                             bank19       000000
__Hbank20                                             bank20       000000
__Hbank21                                             bank21       000000
__Hbank22                                             bank22       000000
__Hbank23                                             bank23       000000
__Hbank24                                             bank24       000000
__Hbank25                                             bank25       000000
__Hbank26                                             bank26       000000
__Hbank27                                             bank27       000000
__Hbank28                                             bank28       000000
__Hbank29                                             bank29       000000
__Hbank30                                             bank30       000000
__Hbank31                                             bank31       000000
__Hbank32                                             bank32       000000
__Hbank33                                             bank33       000000
__Hbank34                                             bank34       000000
__Hbank35                                             bank35       000000
__Hbank36                                             bank36       000000
__Hbank37                                             bank37       000000
__Hbank38                                             bank38       000000
__Hbank39                                             bank39       000000
__Hbank40                                             bank40       000000
__Hbank41                                             bank41       000000
__Hbank42                                             bank42       000000
__Hbank43                                             bank43       000000
__Hbank44                                             bank44       000000
__Hbank45                                             bank45       000000
__Hbank46                                             bank46       000000
__Hbank47                                             bank47       000000
__Hbank48                                             bank48       000000
__Hbank49                                             bank49       000000
__Hbank5                                              bank5        000000
__Hbank50                                             bank50       000000
__Hbank51                                             bank51       000000
__Hbank52                                             bank52       000000
__Hbank53                                             bank53       000000
__Hbank54                                             bank54       000000
__Hbank6                                              bank6        000000
__Hbank7                                              bank7        000000
__Hbank8                                              bank8        000000
__Hbank9                                              bank9        000000
__Hbigbss                                             bigbss       000000
__Hbigdata                                            bigdata      000000
__Hbigram                                             bigram       000000
__Hbigsfr                                             bigsfr       000000
__Hbss                                                bss          000000
__HbssBANK5                                           bssBANK5     000000
__HbssBANK6                                           bssBANK6     000000
__HbssCOMRAM                                          bssCOMRAM    000000
__Hcinit                                              cinit        000000
__Hclrtext                                            clrtext      000000
__Hcomram                                             comram       000000
__Hconfig                                             config       300023
__Hconst                                              const        000000
__HcstackBANK5                                        cstackBANK5  000000
__HcstackCOMRAM                                       cstackCOMRAM 000000
__Hdata                                               data         000000
__HdataBANK5                                          dataBANK5    000000
__Heeprom_data                                        eeprom_data  000000
__Hfarbss                                             farbss       000000
__Hfardata                                            fardata      000000
__Hheap                                               heap         000000
__Hibigdata                                           ibigdata     000000
__Hidata                                              idata        000000
__HidataBANK5                                         idataBANK5   000000
__Hidloc                                              idloc        200040
__Hifardata                                           ifardata     000000
__Hinit                                               init         00010E
__Hintsave_regs                                       intsave_regs 000000
__Hirdata                                             irdata       000000
__Hivt0x8                                             ivt0x8       00010A
__Hmediumconst                                        mediumconst  010000
__HnvFARRAM                                           nvFARRAM     000000
__Hnvbit                                              nvbit        000000
__Hnvrram                                             nvrram       000000
__Hparam                                              rparam       000000
__Hpowerup                                            powerup      000000
__Hram                                                ram          000000
__Hramtop                                             ramtop       004000
__Hrbit                                               rbit         000000
__Hrbss                                               rbss         000000
__Hrdata                                              rdata        000000
__Hreset_vec                                          reset_vec    000004
__Hrparam                                             rparam       000000
__Hsfr                                                sfr          000000
__Hsmallconst                                         smallconst   000000
__Hspace_0                                            (abs)        011E18
__Hspace_1                                            (abs)        000680
__Hspace_2                                            (abs)        000000
__Hspace_4                                            (abs)        600023
__Hstack                                              stack        000000
__Hstruct                                             struct       000000
__Htemp                                               temp         000000
__Htext                                               text         000000
__Htext0                                              text0        000000
__Htext1                                              text1        000000
__Htext10                                             text10       000000
__Htext11                                             text11       000000
__Htext12                                             text12       000000
__Htext13                                             text13       000000
__Htext14                                             text14       000000
__Htext15                                             text15       000000
__Htext16                                             text16       000000
__Htext17                                             text17       000000
__Htext18                                             text18       000000
__Htext19                                             text19       000000
__Htext2                                              text2        000000
__Htext20                                             text20       000000
__Htext21                                             text21       000000
__Htext22                                             text22       000000
__Htext23                                             text23       000000
__Htext24                                             text24       000000
__Htext25                                             text25       000000
__Htext26                                             text26       000000
__Htext27                                             text27       000000
__Htext28                                             text28       000000
__Htext29                                             text29       000000
__Htext3                                              text3        000000
__Htext30                                             text30       000000
__Htext31                                             text31       000000
__Htext32                                             text32       000000
__Htext33                                             text33       000000
__Htext34                                             text34       000000
__Htext35                                             text35       000000
__Htext36                                             text36       000000
__Htext37                                             text37       000000
__Htext38                                             text38       000000
__Htext39                                             text39       000000
__Htext4                                              text4        000000
__Htext40                                             text40       000000
__Htext41                                             text41       000000
__Htext42                                             text42       000000
__Htext43                                             text43       000000
__Htext44                                             text44       000000
__Htext45                                             text45       000000
__Htext46                                             text46       000000
__Htext47                                             text47       000000
__Htext48                                             text48       000000
__Htext49                                             text49       000000
__Htext5                                              text5        000000
__Htext50                                             text50       000000
__Htext51                                             text51       000000
__Htext52                                             text52       000000
__Htext53                                             text53       000000
__Htext54                                             text54       000000
__Htext55                                             text55       000000
__Htext56                                             text56       000000
__Htext57                                             text57       000000
__Htext58                                             text58       000000
__Htext59                                             text59       000000
__Htext6                                              text6        000000
__Htext60                                             text60       000000
__Htext61                                             text61       000000
__Htext62                                             text62       000000
__Htext63                                             text63       000000
__Htext64                                             text64       000000
__Htext65                                             text65       000000
__Htext66                                             text66       000000
__Htext67                                             text67       000000
__Htext68                                             text68       000000
__Htext69                                             text69       000000
__Htext7                                              text7        000000
__Htext70                                             text70       000000
__Htext71                                             text71       000000
__Htext72                                             text72       000000
__Htext73                                             text73       000000
__Htext74                                             text74       000000
__Htext75                                             text75       000000
__Htext76                                             text76       000000
__Htext77                                             text77       000000
__Htext78                                             text78       000000
__Htext79                                             text79       000000
__Htext8                                              text8        000000
__Htext80                                             text80       000000
__Htext81                                             text81       000000
__Htext82                                             text82       000000
__Htext83                                             text83       000000
__Htext84                                             text84       000000
__Htext85                                             text85       000000
__Htext86                                             text86       000000
__Htext87                                             text87       000000
__Htext88                                             text88       000000
__Htext89                                             text89       000000
__Htext9                                              text9        000000
__Htext90                                             text90       000000
__Htext91                                             text91       000000
__Htext92                                             text92       000000
__Htext93                                             text93       000000
__Htext94                                             text94       000000
__Htext95                                             text95       000000
__Htext96                                             text96       000000
__Htext97                                             text97       000000
__Htext98                                             text98       000000
__LRAM                                                (abs)        000001
__L__absolute__                                       __absolute__ 000000
__Labs1                                               abs1         000000
__Lbank10                                             bank10       000000
__Lbank11                                             bank11       000000
__Lbank12                                             bank12       000000
__Lbank13                                             bank13       000000
__Lbank14                                             bank14       000000
__Lbank15                                             bank15       000000
__Lbank16                                             bank16       000000
__Lbank17                                             bank17       000000
__Lbank18                                             bank18       000000
__Lbank19                                             bank19       000000
__Lbank20                                             bank20       000000
__Lbank21                                             bank21       000000
__Lbank22                                             bank22       000000
__Lbank23                                             bank23       000000
__Lbank24                                             bank24       000000
__Lbank25                                             bank25       000000
__Lbank26                                             bank26       000000
__Lbank27                                             bank27       000000
__Lbank28                                             bank28       000000
__Lbank29                                             bank29       000000
__Lbank30                                             bank30       000000
__Lbank31                                             bank31       000000
__Lbank32                                             bank32       000000
__Lbank33                                             bank33       000000
__Lbank34                                             bank34       000000
__Lbank35                                             bank35       000000
__Lbank36                                             bank36       000000
__Lbank37                                             bank37       000000
__Lbank38                                             bank38       000000
__Lbank39                                             bank39       000000
__Lbank40                                             bank40       000000
__Lbank41                                             bank41       000000
__Lbank42                                             bank42       000000
__Lbank43                                             bank43       000000
__Lbank44                                             bank44       000000
__Lbank45                                             bank45       000000
__Lbank46                                             bank46       000000
__Lbank47                                             bank47       000000
__Lbank48                                             bank48       000000
__Lbank49                                             bank49       000000
__Lbank5                                              bank5        000000
__Lbank50                                             bank50       000000
__Lbank51                                             bank51       000000
__Lbank52                                             bank52       000000
__Lbank53                                             bank53       000000
__Lbank54                                             bank54       000000
__Lbank6                                              bank6        000000
__Lbank7                                              bank7        000000
__Lbank8                                              bank8        000000
__Lbank9                                              bank9        000000
__Lbigbss                                             bigbss       000000
__Lbigdata                                            bigdata      000000
__Lbigram                                             bigram       000000
__Lbigsfr                                             bigsfr       000000
__Lbss                                                bss          000000
__LbssBANK5                                           bssBANK5     000000
__LbssBANK6                                           bssBANK6     000000
__LbssCOMRAM                                          bssCOMRAM    000000
[...]
__ptext33                                             text33       011B72
__ptext34                                             text34       011234
__ptext35                                             text35       011A8C
__ptext36                                             text36       011AAE
__ptext37                                             text37       011AD0
__ptext38                                             text38       011864
__ptext39                                             text39       011D4C
__ptext4                                              text4        011A14
__ptext40                                             text40       010B3A
__ptext41                                             text41       0112BE
__ptext42                                             text42       011D5A
__ptext43                                             text43       011D68
__ptext44                                             text44       011D76
__ptext45                                             text45       0114B8
__ptext46                                             text46       011CC0
__ptext47                                             text47       011AF2
__ptext48                                             text48       011B14
__ptext49                                             text49       0115D0
__ptext5                                              text5        0117E8
__ptext50                                             text50       011CD4
__ptext51                                             text51       0119EA
__ptext52                                             text52       011966
__ptext53                                             text53       011CE8
__ptext54                                             text54       011344
__ptext55                                             text55       011D9C
__ptext56                                             text56       01189C
__ptext57                                             text57       011C3C
__ptext58                                             text58       0111A4
__ptext59                                             text59       011DA6
__ptext6                                              text6        011BC4
__ptext60                                             text60       011DEC
__ptext61                                             text61       011994
__ptext62                                             text62       011DF2
__ptext63                                             text63       011D90
__ptext64                                             text64       011DCC
__ptext65                                             text65       011A64
__ptext66                                             text66       011DD4
__ptext67                                             text67       011DB0
__ptext68                                             text68       011DBA
__ptext69                                             text69       010C30
__ptext7                                              text7        011D84
__ptext70                                             text70       011C52
__ptext71                                             text71       011C68
__ptext72                                             text72       011C7E
__ptext73                                             text73       011C94
__ptext74                                             text74       011CAA
__ptext75                                             text75       011E08
__ptext76                                             text76       011826
__ptext77                                             text77       011CFC
__ptext78                                             text78       011D10
__ptext79                                             text79       011D24
__ptext8                                              text8        010270
__ptext80                                             text80       011DF8
__ptext81                                             text81       011D38
__ptext82                                             text82       011DDC
__ptext83                                             text83       011E0C
__ptext84                                             text84       011E00
__ptext85                                             text85       011E0E
__ptext86                                             text86       011BF4
__ptext87                                             text87       0118D0
__ptext88                                             text88       011E10
__ptext89                                             text89       011C0C
__ptext9                                              text9        011674
__ptext90                                             text90       011902
__ptext91                                             text91       011E12
__ptext92                                             text92       011C24
__ptext93                                             text93       011934
__ptext94                                             text94       011E14
__ptext95                                             text95       011714
__ptext96                                             text96       011DE4
__ptext97                                             text97       011E16
__ptext98                                             text98       000000
__ramtop                                              ramtop       004000
__smallconst                                          smallconst   000000
_abs                                                  text22       0117A8
_can_event                                            text10       010F96
_can_tx                                               text1        011520
_count                                                bssBANK5     0005B8
_dbuf                                                 bssBANK5     000598
_dtoa                                                 text15       01066E
_dtoa$3532                                            cstackCOMRAM 00052F
_flags                                                bssBANK5     000597
_fputc                                                text18       010E08
_fputs                                                text17       011764
_i2c1Status                                           bssCOMRAM    000546
_main                                                 text0        0110F8
_memcpy                                               text9        011674
_pad                                                  text16       0113C8
_prec                                                 bssBANK5     00058F
_printf                                               text11       011A3C
_putch                                                text19       011B36
_rxFIFOMsg                                            dataBANK5    0005DF
_rxMsgData                                            bssBANK6     000640
_tick                                                 bssBANK5     000591
_timerTMR0ReloadVal16bit                              bssBANK5     000595
_uart1RxLastError                                     bssBANK5     000593
_vfpfcnvrt                                            text13       01048A
_vfprintf                                             text12       01157C
_width                                                bssBANK5     00058D
_xtoa                                                 text14       010802
_xtoa$3541                                            cstackCOMRAM 000534
abs@a                                                 cstackCOMRAM 000514
can_event@i                                           cstackBANK5  0005D5
can_event@id                                          cstackBANK5  0005D0
can_event@len                                         cstackBANK5  0005D4
can_event@msg                                         cstackBANK5  0005D6
can_tx@Transmission                                   cstackCOMRAM 00052E
dtoa@d                                                cstackCOMRAM 00052D
dtoa@fp                                               cstackCOMRAM 00052B
dtoa@i                                                cstackCOMRAM 000536
dtoa@p                                                cstackCOMRAM 000531
dtoa@s                                                cstackCOMRAM 000535
dtoa@w                                                cstackCOMRAM 000533
end_of_initialization                                 cinit        01166E
fputc@c                                               cstackCOMRAM 000510
fputc@fp                                              cstackCOMRAM 000512
fputs@c                                               cstackCOMRAM 00051D
fputs@fp                                              cstackCOMRAM 00051B
fputs@i                                               cstackCOMRAM 00051E
fputs@s                                               cstackCOMRAM 000519
i2_I2C1_InterruptsEnable                              text77       011CFC
intlevel0                                             text         000000
intlevel1                                             text         000000
intlevel2                                             text         000000
intlevel3                                             text         000000
isa$std                                               (abs)        000001
isa$xinst                                             (abs)        000000
ivt0x8_base                                           ivt0x8       000008
ivt0x8_undefint                                       ivt0x8       000108
main@i                                                cstackBANK5  0005DE
memcpy@d                                              cstackCOMRAM 000515
memcpy@d1                                             cstackCOMRAM 00050F
memcpy@n                                              cstackCOMRAM 000513
memcpy@s                                              cstackCOMRAM 000517
memcpy@s1                                             cstackCOMRAM 000511
memcpy@tmp                                            cstackCOMRAM 000519
pad@buf                                               cstackCOMRAM 000522
pad@fp                                                cstackCOMRAM 000520
pad@i                                                 cstackCOMRAM 000527
pad@p                                                 cstackCOMRAM 000524
pad@w                                                 cstackCOMRAM 000529
printf@ap                                             cstackBANK5  0005CE
printf@fmt                                            cstackBANK5  0005C6
putch@txData                                          cstackCOMRAM 00050F
stackhi                                               (abs)        000000
stacklo                                               (abs)        000000
start                                                 init         00010A
start_initialization                                  cinit        011624
vfpfcnvrt@ap                                          cstackCOMRAM 00053F
vfpfcnvrt@convarg                                     cstackBANK5  0005BA
vfpfcnvrt@cp                                          cstackBANK5  0005BE
vfpfcnvrt@fmt                                         cstackCOMRAM 00053D
vfpfcnvrt@fp                                          cstackCOMRAM 00053B
vfprintf@ap                                           cstackBANK5  0005C4
vfprintf@cfmt                                         cstackCOMRAM 000543
vfprintf@fmt                                          cstackBANK5  0005C2
vfprintf@fp                                           cstackBANK5  0005C0
xtoa@c                                                cstackCOMRAM 00053A
xtoa@d                                                cstackCOMRAM 00052D
xtoa@fp                                               cstackCOMRAM 00052B
xtoa@i                                                cstackCOMRAM 000538
xtoa@p                                                cstackCOMRAM 000536
xtoa@w                                                cstackCOMRAM 000532


MODULE INFORMATION

Module		Function		Class		Link	Load	Size
/Applications/microchip/xc8/v2.41/pic/sources/c99/common/nf_fputs.c
		_fputs         		CODE           	11764	0000	68

/Applications/microchip/xc8/v2.41/pic/sources/c99/common/nf_fputs.c estimated size: 68

/Applications/microchip/xc8/v2.41/pic/sources/c99/common/abs.c
		_abs           		CODE           	117A8	0000	64

/Applications/microchip/xc8/v2.41/pic/sources/c99/common/abs.c estimated size: 64

/Applications/microchip/xc8/v2.41/pic/sources/c99/common/printf.c
		_printf        		CODE           	11A3C	0000	40

/Applications/microchip/xc8/v2.41/pic/sources/c99/common/printf.c estimated size: 40

mcc_generated_files/system/src/interrupt.c
		_IOC_ISR       		CODE           	11E00	0000	6
		_INT0_SetInterruptHandler		CODE           	11D76	0000	14
		_INT1_SetInterruptHandler		CODE           	11D68	0000	14
		_INT2_SetInterruptHandler		CODE           	11D5A	0000	14
		_INTERRUPT_Initialize		CODE           	112BE	0000	134
		_INT0_DefaultInterruptHandler		CODE           	11E10	0000	2
		_INT0_CallBack 		CODE           	118D0	0000	50
		_INT1_DefaultInterruptHandler		CODE           	11E12	0000	2
		_INT1_CallBack 		CODE           	11902	0000	50
		_INT2_DefaultInterruptHandler		CODE           	11E14	0000	2
		_INT2_CallBack 		CODE           	11934	0000	50
		_Default_ISR   		CODE           	11E0C	0000	2
		_INT0_ISR      		CODE           	11BF4	0000	24
		_INT1_ISR      		CODE           	11C0C	0000	24
		_INT2_ISR      		CODE           	11C24	0000	24

mcc_generated_files/system/src/interrupt.c estimated size: 412

mcc_generated_files/uart/src/uart1.c
		_UART1_IsTxReady		CODE           	119C0	0000	42
		_UART1_Write   		CODE           	11DC4	0000	8
		_putch         		CODE           	11B36	0000	30
		_UART1_FramingErrorCallbackRegister		CODE           	11AD0	0000	34
		_UART1_OverrunErrorCallbackRegister		CODE           	11AAE	0000	34
		_UART1_Initialize		CODE           	11234	0000	138
		_UART1_ParityErrorCallbackRegister		CODE           	11A8C	0000	34

mcc_generated_files/uart/src/uart1.c estimated size: 320

mcc_generated_files/i2c_host/src/i2c1.c
		_I2C1_CallbackRegister		CODE           	11AF2	0000	34
		_I2C1_RX_ISR   		CODE           	11D24	0000	20
		_I2C1_InterruptsEnable		CODE           	11CC0	0000	20
		_I2C1_CounterSet		CODE           	11D90	0000	12
		_I2C1_ReadStart		CODE           	11994	0000	44
		_I2C1_InterruptsClear		CODE           	11DD4	0000	8
		_I2C1_ISR      		CODE           	111A4	0000	144
		_I2C1_DataReceive		CODE           	11DF8	0000	6
		_I2C1_IsData   		CODE           	11C68	0000	22
		_I2C1_IsNack   		CODE           	11C52	0000	22
		_I2C1_IsAddr   		CODE           	11CAA	0000	22
		_I2C1_InterruptsDisable		CODE           	11D10	0000	20
		_I2C1_BufferClear		CODE           	11DBA	0000	10
		_I2C1_BusReset 		CODE           	11826	0000	62
		_I2C1_Initialize		CODE           	114B8	0000	104
		_I2C1_Close    		CODE           	11A64	0000	40
		_I2C1_IsBusCol 		CODE           	11C94	0000	22
		_I2C1_ERROR_ISR		CODE           	10C30	0000	242
		_I2C1_ErrorFlagsClear		CODE           	11DB0	0000	10
		_I2C1_TX_ISR   		CODE           	11D38	0000	20
		_I2C1_StopSend 		CODE           	11DA6	0000	10
		_I2C1_RestartDisable		CODE           	11DEC	0000	6
		_I2C1_DataTransmit		CODE           	11DDC	0000	8
		_I2C1_AddrTransmit		CODE           	11DCC	0000	8
		_I2C1_IsBusTimeOut		CODE           	11C7E	0000	22
		_I2C1_DefaultCallback		CODE           	11E08	0000	2
		_I2C1_StartSend		CODE           	11DF2	0000	6

mcc_generated_files/i2c_host/src/i2c1.c estimated size: 946

/Applications/microchip/xc8/v2.41/pic/sources/c99/common/nf_fputc.c
		_fputc         		CODE           	10E08	0000	202

/Applications/microchip/xc8/v2.41/pic/sources/c99/common/nf_fputc.c estimated size: 202

mcc_generated_files/system/src/pins.c
		_PIN_MANAGER_Initialize		CODE           	10B3A	0000	244
		_PIN_MANAGER_IOC		CODE           	11E0E	0000	2

mcc_generated_files/system/src/pins.c estimated size: 246

/Applications/microchip/xc8/v2.41/pic/sources/c99/common/doprnt.c
		_vfpfcnvrt     		CODE           	1048A	0000	484
		_pad           		CODE           	113C8	0000	122
		_dtoa          		CODE           	1066E	0000	404
		_vfprintf      		CODE           	1157C	0000	84
		_xtoa          		CODE           	10802	0000	286

/Applications/microchip/xc8/v2.41/pic/sources/c99/common/doprnt.c estimated size: 1380

/Applications/microchip/xc8/v2.41/pic/sources/c99/common/awmod.c
		___awmod       		CODE           	11048	0000	176

/Applications/microchip/xc8/v2.41/pic/sources/c99/common/awmod.c estimated size: 176

shared
		CAN1_DlcToDataBytesGet@dlcByteSize		MEDIUMCONST    	FF91	0000	16
		_FIFO          		MEDIUMCONST    	0000	0000	0
		i2_I2C1_InterruptsEnable		CODE           	11CFC	0000	20
		CAN1_DlcToDataBytesGet@main$F2979@dlcByteSize		MEDIUMCONST    	FF81	0000	16
		__initialization		CODE           	11624	0000	74
		_I2C1_Host     		MEDIUMCONST    	FF51	0000	30
		_UART1         		MEDIUMCONST    	FF09	0000	72
		_Timer0        		MEDIUMCONST    	FF6F	0000	18
		_CAN_FD1       		MEDIUMCONST    	FEBB	0000	78

shared estimated size: 324

/Applications/microchip/xc8/v2.41/pic/sources/c99/common/memcpy.c
		_memcpy        		CODE           	11674	0000	80

/Applications/microchip/xc8/v2.41/pic/sources/c99/common/memcpy.c estimated size: 80

mcc_generated_files/system/src/clock.c
		_CLOCK_Initialize		CODE           	11B14	0000	34

mcc_generated_files/system/src/clock.c estimated size: 34

mcc_generated_files/timer/src/tmr0.c
		_Timer0_Initialize		CODE           	11864	0000	56
		_Timer0_OverflowCallbackRegister		CODE           	11D4C	0000	14
		_Timer0_OverflowISR		CODE           	11714	0000	80
		_Timer0_DefaultOverflowCallback		CODE           	11E16	0000	2

mcc_generated_files/timer/src/tmr0.c estimated size: 152

main.c
		_main          		CODE           	110F8	0000	172
		_can_tx        		CODE           	11520	0000	92
		_can_event     		CODE           	10F96	0000	178
		_Timer0_CustomHandler		CODE           	11DE4	0000	8
		_CAN1_DlcToDataBytesGet@main$F2979		CODE           	11BAA	0000	26

main.c estimated size: 476

mcc_generated_files/can/src/can1.c
		_CAN1_BitRateConfiguration		CODE           	1189C	0000	52
		_CAN1_InformationISR		CODE           	11C3C	0000	22
		_CAN1_GetRxFifoDepth		CODE           	11B54	0000	30
		_CAN1_PLSIZEToPayloadBytesGet		CODE           	11D84	0000	12
		_CAN1_TX_FIFO_Configuration		CODE           	11CD4	0000	20
		_CAN1_OperationModeGet		CODE           	11D9C	0000	10
		_CAN1_ValidateTransmission		CODE           	10920	0000	272
		_CAN1_MessageWriteToFifo		CODE           	10270	0000	538
		_CAN1_Initialize		CODE           	115D0	0000	84
		_CAN1_IsTxChannel		CODE           	117E8	0000	62
		_CAN1_ReceiveFromFiFo		CODE           	10D22	0000	230
		_CAN1_TransmitFIFOStatusGet		CODE           	11A14	0000	40
		_CAN1_Transmit 		CODE           	11442	0000	118
		_CAN1_RX_FIFO_FilterMaskConfiguration		CODE           	11966	0000	46
		_CAN1_RX_FIFO_Configuration		CODE           	11CE8	0000	20
		_CAN1_GetRxFifoStatus		CODE           	11BDC	0000	24
		_CAN1_GetTxFifoStatus		CODE           	11BC4	0000	24
		_CAN1_ReceivedMessageCountGet		CODE           	10A30	0000	266
		_CAN1_DlcToDataBytesGet		CODE           	11B90	0000	26
		_CAN1_MessageReadFromFifo		CODE           	10000	0000	624
		_CAN1_Receive  		CODE           	116C4	0000	80
		_CAN1_RX_FIFO_ResetInfo		CODE           	119EA	0000	42
		_CAN1_OperationModeSet		CODE           	11344	0000	132

mcc_generated_files/can/src/can1.c estimated size: 2774

mcc_generated_files/system/src/system.c
		_SYSTEM_Initialize		CODE           	11B72	0000	30

mcc_generated_files/system/src/system.c estimated size: 30

/Applications/microchip/xc8/v2.41/pic/sources/c99/common/awdiv.c
		___awdiv       		CODE           	10ED2	0000	196

/Applications/microchip/xc8/v2.41/pic/sources/c99/common/awdiv.c estimated size: 196

